Energy: -23.17302496 Eh
RMSD with starting structure: 0.02879577555 Angstrom
Optimisation Converged? True
Atomic properties: charge    polarisability
    7   -0.15536   7.3306
    6   0.031541   6.3753
    6   0.21827   7.9207
    8   -0.36755   6.1504
    6   -0.1376   6.8668
    6   0.2547   7.8006
    8   -0.51194   6.5752
    1   0.2416   1.4997
    1   0.096028   2.1107
    1   0.060065   2.3187
    1   0.073735   2.2362
    1   0.091339   2.1362
    1   0.08176   2.1898
    1   0.023414   2.5612
Total Charge: 2.0000000000679197e-06
Total Polarisability: 64.072 a0^3
