Energy: -32.83051588 Eh
RMSD with starting structure: 0.02623578517 Angstrom
Optimisation Converged? True
Atomic properties: charge    polarisability
    7   -0.16692   7.3682
    6   0.03006   6.3794
    6   0.21271   7.9384
    8   -0.36343   6.1387
    6   -0.10787   6.7589
    6   0.2931   7.6848
    8   -0.52792   6.6243
    7   -0.29563   7.8054
    6   0.25547   7.7981
    8   -0.49698   6.5295
    1   0.24345   1.4936
    1   0.1263   1.9555
    1   0.064423   2.292
    1   0.1086   2.0441
    1   0.089342   2.1472
    1   0.24898   1.4755
    1   0.25343   1.4612
    1   0.03289   2.4952
Total Charge: 5.000000000116023e-06
Total Polarisability: 86.39 a0^3
