Energy: -36.43849145 Eh
RMSD with starting structure: 0.03081462113 Angstrom
Optimisation Converged? True
Atomic properties: charge    polarisability
    7   -0.14917   7.3105
    6   0.02747   6.3856
    6   0.22372   7.9033
    8   -0.36766   6.1507
    6   -0.056741   6.6141
    6   -0.094422   6.7239
    6   0.36591   7.4626
    8   -0.64988   7.0151
    8   -0.65464   7.0309
    6   0.25679   7.7941
    8   -0.50082   6.5412
    1   0.22447   1.5581
    1   0.097862   2.1008
    1   0.060121   2.3184
    1   0.063717   2.2962
    1   0.065419   2.2858
    1   0.02535   2.5474
    1   0.031543   2.5043
    1   0.03096   2.5084
Total Charge: -1.000001
Total Polarisability: 95.052 a0^3
