Energy: -32.66731686 Eh
RMSD with starting structure: 0.02756260937 Angstrom
Optimisation Converged? True
Atomic properties: charge    polarisability
    7   -0.15105   7.3166
    6   0.02871   6.383
    6   0.21656   7.9261
    8   -0.36592   6.1458
    6   -0.074596   6.6624
    6   -0.01225   6.4804
    6   -0.12299   6.824
    6   -0.12356   6.8246
    6   0.25436   7.8016
    8   -0.50991   6.569
    1   0.2364   1.5171
    1   0.090899   2.1387
    1   0.059421   2.3227
    1   0.06677   2.2777
    1   0.068305   2.2685
    1   0.040419   2.4444
    1   0.046968   2.4014
    1   0.043556   2.4236
    1   0.049469   2.3852
    1   0.047189   2.3999
    1   0.047994   2.3947
    1   0.038888   2.4545
    1   0.024371   2.5544
Total Charge: 2.999999999853814e-06
Total Polarisability: 98.916 a0^3
