Energy: -32.66878895 Eh
RMSD with starting structure: 0.02892835258 Angstrom
Optimisation Converged? True
Atomic properties: charge    polarisability
    7   -0.14867   7.3089
    6   0.022495   6.3992
    6   0.21238   7.9397
    8   -0.36599   6.146
    6   -0.073273   6.6593
    6   -0.0091226   6.4719
    6   -0.12226   6.8211
    6   -0.12161   6.8192
    6   0.25517   7.7991
    8   -0.50591   6.5567
    1   0.23331   1.5276
    1   0.1044   2.0661
    1   0.062555   2.3034
    1   0.06113   2.312
    1   0.068707   2.266
    1   0.033688   2.4897
    1   0.047389   2.3986
    1   0.043811   2.4219
    1   0.047942   2.3951
    1   0.046843   2.4022
    1   0.043267   2.4255
    1   0.040907   2.4411
    1   0.022841   2.5652
Total Charge: -5.999999997396976e-07
Total Polarisability: 98.936 a0^3
