Energy: -32.73263155 Eh
RMSD with starting structure: 0.02940887053 Angstrom
Optimisation Converged? True
Atomic properties: charge    polarisability
    7   -0.15169   7.3186
    6   0.026821   6.3886
    6   0.2146   7.9326
    8   -0.34595   6.0897
    6   -0.068561   6.642
    6   -0.013116   6.4967
    16   -0.2642   20.78
    6   -0.062784   6.6567
    6   0.25582   7.7969
    8   -0.49099   6.5114
    1   0.23334   1.5275
    1   0.093917   2.1221
    1   0.06228   2.3051
    1   0.068187   2.2692
    1   0.077769   2.2128
    1   0.064994   2.2884
    1   0.071489   2.2495
    1   0.069641   2.2604
    1   0.063446   2.2977
    1   0.066698   2.278
    1   0.0283   2.5269
Total Charge: 1.1000000000059573e-05
Total Polarisability: 106.95 a0^3
