Energy: -30.39726887 Eh
RMSD with starting structure: 0.03591025794 Angstrom
Optimisation Converged? True
Atomic properties: charge    polarisability
    7   -0.16374   7.3578
    6   0.013334   6.4246
    6   0.22213   7.9081
    8   -0.37413   6.169
    6   0.11652   6.1867
    8   -0.4808   6.4009
    6   -0.14576   6.894
    6   0.25308   7.8057
    8   -0.49746   6.531
    1   0.23938   1.5071
    1   0.099701   2.091
    1   0.060779   2.3143
    1   0.076063   2.2228
    1   0.34088   1.2269
    1   0.054578   2.3527
    1   0.069074   2.2638
    1   0.077569   2.2139
    1   0.0388   2.4553
Total Charge: -1.9999999999187335e-06
Total Polarisability: 80.325 a0^3
