Energy: -30.40148505 Eh
RMSD with starting structure: 0.02892153822 Angstrom
Optimisation Converged? True
Atomic properties: charge    polarisability
    7   -0.14479   7.2964
    6   0.006351   6.444
    6   0.21969   7.9162
    8   -0.36092   6.1317
    6   0.11523   6.1892
    8   -0.49995   6.4587
    6   -0.14021   6.8772
    6   0.2543   7.8017
    8   -0.49885   6.5352
    1   0.2297   1.5399
    1   0.11001   2.0369
    1   0.066175   2.2814
    1   0.067524   2.2732
    1   0.34993   1.2049
    1   0.061584   2.3092
    1   0.059372   2.3228
    1   0.075452   2.2262
    1   0.029396   2.5192
Total Charge: -6.000000000110084e-06
Total Polarisability: 80.364 a0^3
