Energy: -29.50079235 Eh
RMSD with starting structure: 0.02442375719 Angstrom
Optimisation Converged? True
Atomic properties: charge    polarisability
    7   -0.14837   7.308
    6   0.01688   6.4133
    6   0.21605   7.9278
    8   -0.35695   6.1205
    6   -0.010746   6.4759
    6   -0.12635   6.8336
    6   -0.12229   6.822
    6   0.25503   7.7995
    8   -0.4982   6.5332
    1   0.2297   1.5399
    1   0.094274   2.1202
    1   0.060265   2.3175
    1   0.050807   2.3768
    1   0.054811   2.3513
    1   0.041066   2.44
    1   0.062233   2.3052
    1   0.047909   2.3953
    1   0.060811   2.3139
    1   0.046645   2.4034
    1   0.026425   2.5399
Total Charge: -5.204170427930421e-17
Total Polarisability: 87.337 a0^3
